[36mvite v7.2.2 [32mbuilding client environment for production...[36m[39m
transforming...
[32mΓ£ô[39m 2403 modules transformed.
node.exe : 
[31mΓ£ù[39m Build 
failed in 27.59s
At line:1 char:1
+ & "C:\Program Files\
nodejs/node.exe" 
"C:\Program 
Files\nodejs/node_mo 
...
+ ~~~~~~~~~~~~~~~~~~~~
~~~~~~~~~~~~~~~~~~~~~~
~~~~~~~~~~~~~~~~~~~~~~
~~~~~
    + CategoryInfo    
          : NotSpeci  
  fied: ([31mΓ£ù[   
 39m Build failed     
in 27.59s:String)     
[], RemoteExcept    
ion
    + FullyQualifiedE 
   rrorId : NativeCo  
  mmandError
 
[31merror during 
build:
[31m[vite-plugin-pwa:
build] [plugin vite-pl
ugin-pwa:build] There 
was an error during 
the build:
  [vite]: Rollup 
failed to resolve 
import "WebSdk" from "
C:/Users/USER/Download
s/kejaan ayah/winny-ma
in/node_modules/@digit
alpersona/devices/dist
/es5/devices/websdk/ch
annel.js".
This is most likely 
unintended because it 
can break your 
application at 
runtime.
If you do want to 
externalize this 
module explicitly add 
it to
`build.rollupOptions.e
xternal`
Additionally, 
handling the error in 
the 'buildEnd' hook 
caused the following 
error:
  [vite]: Rollup 
failed to resolve 
import "WebSdk" from "
C:/Users/USER/Download
s/kejaan ayah/winny-ma
in/node_modules/@digit
alpersona/devices/dist
/es5/devices/websdk/ch
annel.js".
This is most likely 
unintended because it 
can break your 
application at 
runtime.
If you do want to 
externalize this 
module explicitly add 
it to
`build.rollupOptions.e
xternal`[31m
    at getRollupError 
(file:///C:/Users/USER
/Downloads/kejaan%20ay
ah/winny-main/node_mod
ules/rollup/dist/es/sh
ared/parseAst.js:401:4
1)
    at file:///C:/User
s/USER/Downloads/kejaa
n%20ayah/winny-main/no
de_modules/rollup/dist
/es/shared/node-entry.
js:23333:39
    at async catchUnfi
nishedHookActions (fil
e:///C:/Users/USER/Dow
nloads/kejaan%20ayah/w
inny-main/node_modules
/rollup/dist/es/shared
/node-entry.js:22791:1
6)
    at async 
rollupInternal (file:/
//C:/Users/USER/Downlo
ads/kejaan%20ayah/winn
y-main/node_modules/ro
llup/dist/es/shared/no
de-entry.js:23316:5)
    at async 
buildEnvironment (file
:///C:/Users/USER/Down
loads/kejaan%20ayah/wi
nny-main/node_modules/
vite/dist/node/chunks/
config.js:34160:12)
    at async 
Object.build (file:///
C:/Users/USER/Download
s/kejaan%20ayah/winny-
main/node_modules/vite
/dist/node/chunks/conf
ig.js:34519:19)
    at async 
Object.buildApp (file:
///C:/Users/USER/Downl
oads/kejaan%20ayah/win
ny-main/node_modules/v
ite/dist/node/chunks/c
onfig.js:34516:153)
    at async 
CAC.<anonymous> (file:
///C:/Users/USER/Downl
oads/kejaan%20ayah/win
ny-main/node_modules/v
ite/dist/node/cli.js:6
29:3)[39m
